###############################################################################
#
# IAR ELF Linker V3.10.1.201 for STM8                     21/Mar/2019  21:10:37
# Copyright 2010-2017 IAR Systems AB.
#
#    Output file  =  C:\Repository\IAR_prj\RTC_clock\Debug\Exe\test.out
#    Map file     =  C:\Repository\IAR_prj\RTC_clock\Debug\List\test.map
#    Command line =  
#        -f C:\Users\Remonter\AppData\Local\Temp\EWB699.tmp
#        (C:\Repository\IAR_prj\RTC_clock\Debug\Obj\buttons.o
#        C:\Repository\IAR_prj\RTC_clock\Debug\Obj\i2c_drv.o
#        C:\Repository\IAR_prj\RTC_clock\Debug\Obj\lcd_lib.o
#        C:\Repository\IAR_prj\RTC_clock\Debug\Obj\main.o
#        C:\Repository\IAR_prj\RTC_clock\Debug\Obj\pca2129_drv.o --redirect
#        _Printf=_PrintfFullNoMb --redirect _Scanf=_ScanfFullNoMb -o
#        C:\Repository\IAR_prj\RTC_clock\Debug\Exe\test.out --map
#        C:\Repository\IAR_prj\RTC_clock\Debug\List\test.map --config
#        "C:\Program Files (x86)\IAR Systems\Embedded Workbench
#        8.0\stm8\config\lnkstm8s103f3.icf" --config_def _CSTACK_SIZE=0x100
#        --config_def _HEAP_SIZE=0x100 --entry __iar_program_start --debug_lib)
#
###############################################################################

*******************************************************************************
*** RUNTIME MODEL ATTRIBUTES
***

__SystemLibrary            = DLib
__code_model               = small
__core                     = stm8
__data_model               = medium
__dlib_file_descriptor     = 0
__dlib_full_locale_support = 0
__rt_version               = 4


*******************************************************************************
*** PLACEMENT SUMMARY
***

"A0":  place at start of [0x000000-0x0000ff] { rw section .vregs };
"A1":  place at end of [0x000000-0x0003ff] { block CSTACK };
"P2":  place in [from 0x000000 to 0x0003ff] {
          block HEAP, rw section __DLIB_PERTHREAD, rw section .far.bss,
          rw section .far.data, rw section .far.noinit,
          rw section .far_func.textrw, rw section .huge.bss,
          rw section .huge.data, rw section .huge.noinit,
          rw section .huge_func.textrw, rw section .iar.dynexit,
          rw section .near.bss, rw section .near.data, rw section .near.noinit,
          rw section .near_func.textrw };
"A2":  place at start of [0x008000-0x009fff] { block INTVEC };
"P3":  place in [from 0x008000 to 0x009fff] {
          ro section __DLIB_PERTHREAD_init, ro section .far.data_init,
          ro section .far_func.textrw_init, ro section .huge.data_init,
          ro section .huge_func.textrw_init, ro section .iar.init_table,
          ro section .init_array, ro section .near.data_init,
          ro section .near.rodata, ro section .near_func.text,
          ro section .near_func.textrw_init, ro section .tiny.data_init,
          ro section .tiny.rodata_init };
"P4":  place in [from 0x008000 to 0x009fff] {
          ro section .far.rodata, ro section .far_func.text };
"P5":  place in [from 0x008000 to 0x009fff] {
          ro section .huge.rodata, ro section .huge_func.text };
do not initialize {
   rw section .eeprom.noinit, rw section .far.noinit, rw section .huge.noinit,
   rw section .near.noinit, rw section .tiny.noinit, rw section .vregs };
initialize by copy {
   rw section .far.bss, rw section .far.data, rw section .far_func.textrw,
   rw section .huge.bss, rw section .huge.data, rw section .huge_func.textrw,
   rw section .iar.dynexit, rw section .near.bss, rw section .near.data,
   rw section .near_func.textrw, rw section .tiny.bss, rw section .tiny.data,
   ro section .tiny.rodata };

  Section            Kind      Address   Size  Object
  -------            ----      -------   ----  ------
"A0":                                     0xc
  .vregs             uninit   0x000000    0xc  vregs.o [4]
                            - 0x00000c    0xc

"P2":                                    0x15
  P2-1                        0x00000c   0x15  <Init block>
    .near.data       inited   0x00000c    0x1  main.o [1]
    .near.data       inited   0x00000d    0x5  main.o [1]
    .near.data       inited   0x000012    0x1  main.o [1]
    .near.bss        inited   0x000013    0x1  buttons.o [1]
    .near.bss        inited   0x000014    0x1  lcd_lib.o [1]
    .near.bss        inited   0x000015    0x1  lcd_lib.o [1]
    .near.bss        inited   0x000016    0x2  main.o [1]
    .near.bss        inited   0x000018    0x1  main.o [1]
    .near.bss        inited   0x000019    0x1  main.o [1]
    .near.bss        inited   0x00001a    0x3  main.o [1]
    .near.bss        inited   0x00001d    0x4  main.o [1]
                            - 0x000021   0x15

"A1":                                   0x100
  CSTACK                      0x000300  0x100  <Block>
    CSTACK           uninit   0x000300  0x100  <Block tail>
                            - 0x000400  0x100

Absolute sections, part 1 of 13:          0x4
  .near.noinit       uninit   0x005007    0x1  main.o [1]
  .near.noinit       uninit   0x005008    0x1  main.o [1]
  .near.noinit       uninit   0x005009    0x1  main.o [1]
  .near.noinit       uninit   0x00500a    0x1  main.o [1]
                            - 0x00500b    0x4

Absolute sections, part 2 of 13:          0x3
  .near.noinit       uninit   0x00500c    0x1  main.o [1]
  .near.noinit       uninit   0x00500d    0x1  main.o [1]
  .near.noinit       uninit   0x00500e    0x1  main.o [1]
                            - 0x00500f    0x3

Absolute sections, part 3 of 13:          0x4
  .near.noinit       uninit   0x005010    0x1  buttons.o [1]
  .near.noinit       uninit   0x005011    0x1  main.o [1]
  .near.noinit       uninit   0x005012    0x1  main.o [1]
  .near.noinit       uninit   0x005013    0x1  main.o [1]
                            - 0x005014    0x4

Absolute sections, part 4 of 13:          0x2
  .near.noinit       uninit   0x0050c0    0x1  main.o [1]
  .near.noinit       uninit   0x0050c1    0x1  main.o [1]
                            - 0x0050c2    0x2

Absolute sections, part 5 of 13:          0x4
  .near.noinit       uninit   0x0050c4    0x1  main.o [1]
  .near.noinit       uninit   0x0050c5    0x1  main.o [1]
  .near.noinit       uninit   0x0050c6    0x1  main.o [1]
  .near.noinit       uninit   0x0050c7    0x1  main.o [1]
                            - 0x0050c8    0x4

Absolute sections, part 6 of 13:          0x2
  .near.noinit       uninit   0x0050c9    0x1  main.o [1]
  .near.noinit       uninit   0x0050ca    0x1  main.o [1]
                            - 0x0050cb    0x2

Absolute sections, part 7 of 13:          0x2
  .near.noinit       uninit   0x0050cc    0x1  main.o [1]
  .near.noinit       uninit   0x0050cd    0x1  main.o [1]
                            - 0x0050ce    0x2

Absolute sections, part 8 of 13:          0x1
  .near.noinit       uninit   0x005300    0x1  main.o [1]
                            - 0x005301    0x1

Absolute sections, part 9 of 13:          0x2
  .near.noinit       uninit   0x005303    0x1  main.o [1]
  .near.noinit       uninit   0x005304    0x1  main.o [1]
                            - 0x005305    0x2

Absolute sections, part 10 of 13:         0x3
  .near.noinit       uninit   0x00530e    0x1  main.o [1]
  .near.noinit       uninit   0x00530f    0x1  main.o [1]
  .near.noinit       uninit   0x005310    0x1  main.o [1]
                            - 0x005311    0x3

Absolute sections, part 11 of 13:         0x1
  .near.noinit       uninit   0x005340    0x1  main.o [1]
                            - 0x005341    0x1

Absolute sections, part 12 of 13:         0x2
  .near.noinit       uninit   0x005343    0x1  main.o [1]
  .near.noinit       uninit   0x005344    0x1  main.o [1]
                            - 0x005345    0x2

Absolute sections, part 13 of 13:         0x2
  .near.noinit       uninit   0x005347    0x1  main.o [1]
  .near.noinit       uninit   0x005348    0x1  main.o [1]
                            - 0x005349    0x2

"A2":                                    0x80
  INTVEC                      0x008000   0x80  <Block>
    .intvec          const    0x008000   0x80  interrupt.o [4]
                            - 0x008080   0x80

"P3-P5":                                0xead
  .near_func.text    ro code  0x008080  0x2d0  main.o [1]
  .near_func.text    ro code  0x008350  0x248  lcd_lib.o [1]
  .near.rodata       const    0x008598  0x222  lcd_lib.o [1]
  .near.rodata       const    0x0087ba  0x1e0  lcd_lib.o [1]
  .near_func.text    ro code  0x00899a  0x1a6  main.o [1]
  .near_func.text    ro code  0x008b40   0x6d  main.o [1]
  .near_func.text    ro code  0x008bad   0x5d  vreg_util.o [4]
  .near_func.text    ro code  0x008c0a   0x5c  main.o [1]
  .near_func.text    ro code  0x008c66   0x51  main.o [1]
  .near_func.text    ro code  0x008cb7   0x4a  buttons.o [1]
  .near_func.text    ro code  0x008d01   0x40  main.o [1]
  .near_func.text    ro code  0x008d41   0x31  main.o [1]
  .near_func.text    ro code  0x008d72   0x28  init_small.o [4]
  .near_func.text    ro code  0x008d9a   0x26  main.o [1]
  .near_func.text    ro code  0x008dc0   0x26  short.o [4]
  .iar.init_table    const    0x008de6    0xa  - Linker created -
  .near_func.text    ro code  0x008df0   0x1c  main.o [1]
  .near_func.text    ro code  0x008e0c   0x19  main.o [1]
  .near_func.text    ro code  0x008e25   0x15  lcd_lib.o [1]
  .near_func.text    ro code  0x008e3a   0x15  main.o [1]
  Initializer bytes  const    0x008e4f   0x15  <for P2-1>
  .near_func.text    ro code  0x008e64   0x14  init.o [4]
  .near_func.text    ro code  0x008e78   0x14  __dbg_xxexit.o [3]
  .near_func.text    ro code  0x008e8c   0x13  cstartup.o [4]
  .near.rodata       const    0x008e9f   0x11  main.o [1]
  .near.rodata       const    0x008eb0   0x10  main.o [1]
  .near.rodata       const    0x008ec0    0xe  main.o [1]
  .near.rodata       const    0x008ece    0xe  main.o [1]
  .near.rodata       const    0x008edc    0xb  main.o [1]
  .near.rodata       const    0x008ee7    0xb  main.o [1]
  .near.rodata       const    0x008ef2    0xa  main.o [1]
  .near.rodata       const    0x008efc    0xa  main.o [1]
  .near_func.text    ro code  0x008f06    0x8  buttons.o [1]
  .near_func.text    ro code  0x008f0e    0x6  char.o [4]
  .near.rodata       const    0x008f14    0x5  main.o [1]
  .near_func.text    ro code  0x008f19    0x5  cexit.o [4]
  .near_func.text    ro code  0x008f1e    0x3  interrupt.o [4]
  .near_func.text    ro code  0x008f21    0x3  low_level_init.o [4]
  .near_func.text    ro code  0x008f24    0x3  exit.o [4]
  .near_func.text    ro code  0x008f27    0x3  unhandled_exception.o [4]
  .near_func.text    ro code  0x008f2a    0x1  buttons.o [1]
  .near_func.text    ro code  0x008f2b    0x1  main.o [1]
  .near_func.text    ro code  0x008f2c    0x1  __dbg_break.o [3]
                            - 0x008f2d  0xead


*******************************************************************************
*** INIT TABLE
***

          Address   Size
          -------   ----
Copy (__iar_copy_init2)
    1 source range, total size 0x15:
          0x008e4f  0x15
    1 destination range, total size 0x15:
          0x00000c  0x15



*******************************************************************************
*** MODULE SUMMARY
***

    Module                 ro code  ro data  rw data  rw data
                                                       (abs)
    ------                 -------  -------  -------  -------
C:\Repository\IAR_prj\RTC_clock\Debug\Obj: [1]
    buttons.o                   83        1        1        1
    lcd_lib.o                  605    1 028        2
    main.o                   1 650      126       18       31
    ---------------------------------------------------------
    Total:                   2 338    1 155       21       32

command line: [2]
    ---------------------------------------------------------
    Total:

dbgstm8smd.a: [3]
    __dbg_break.o                1
    __dbg_xxexit.o              20
    ---------------------------------------------------------
    Total:                      21

dlstm8smn.a: [4]
    cexit.o                      5
    char.o                       6
    cstartup.o                  19
    exit.o                       3
    init.o                      20
    init_small.o                40
    interrupt.o                  3      128
    low_level_init.o             3
    short.o                     38
    unhandled_exception.o        3
    vreg_util.o                 93
    vregs.o                                       12
    ---------------------------------------------------------
    Total:                     233      128       12

    Linker created                       10      256
-------------------------------------------------------------
    Grand Total:             2 592    1 293      289       32


*******************************************************************************
*** ENTRY LIST
***

Entry                    Address   Size  Type      Object
-----                    -------   ----  ----      ------
.iar.init_table$$Base   0x008de6          --   Gb  - Linker created -
.iar.init_table$$Limit  0x008df0          --   Gb  - Linker created -
?b0                     0x000000         Data  Gb  vregs.o [4]
?b1                     0x000001         Data  Gb  vregs.o [4]
?b10                    0x00000a         Data  Gb  vregs.o [4]
?b11                    0x00000b         Data  Gb  vregs.o [4]
?b2                     0x000002         Data  Gb  vregs.o [4]
?b3                     0x000003         Data  Gb  vregs.o [4]
?b4                     0x000004         Data  Gb  vregs.o [4]
?b5                     0x000005         Data  Gb  vregs.o [4]
?b6                     0x000006         Data  Gb  vregs.o [4]
?b7                     0x000007         Data  Gb  vregs.o [4]
?b8                     0x000008         Data  Gb  vregs.o [4]
?b9                     0x000009         Data  Gb  vregs.o [4]
?e0                     0x000001         Data  Gb  vregs.o [4]
?e1                     0x000005         Data  Gb  vregs.o [4]
?e2                     0x000009         Data  Gb  vregs.o [4]
?l0                     0x000000         Data  Gb  vregs.o [4]
?l1                     0x000004         Data  Gb  vregs.o [4]
?l2                     0x000008         Data  Gb  vregs.o [4]
?mul16_x_x_w0           0x008dc0         Code  Gb  short.o [4]
?pop_l0                 0x008bec         Code  Gb  vreg_util.o [4]
?pop_l1                 0x008bf7         Code  Gb  vreg_util.o [4]
?push_l0                0x008bc5         Code  Gb  vreg_util.o [4]
?push_l1                0x008bca         Code  Gb  vreg_util.o [4]
?push_w4                0x008bad         Code  Gb  vreg_util.o [4]
?sll16_x_x_a            0x008dde         Code  Gb  short.o [4]
?srl8_a_a_5             0x008f0f         Code  Gb  char.o [4]
?srl8_a_a_6             0x008f0e         Code  Gb  char.o [4]
?w0                     0x000000         Data  Gb  vregs.o [4]
?w1                     0x000002         Data  Gb  vregs.o [4]
?w2                     0x000004         Data  Gb  vregs.o [4]
?w3                     0x000006         Data  Gb  vregs.o [4]
?w4                     0x000008         Data  Gb  vregs.o [4]
?w5                     0x00000a         Data  Gb  vregs.o [4]
BUT_Debrief             0x008cb7   0x4a  Code  Gb  buttons.o [1]
BUT_GetKey              0x008f06    0x8  Code  Gb  buttons.o [1]
BUT_Init                0x008f2a    0x1  Code  Gb  buttons.o [1]
BigNumbers              0x008598  0x222  Data  Gb  lcd_lib.o [1]
CLK_PCKENR1             0x0050c7    0x1  Data  Gb  main.o [1]
CLK_PCKENR2             0x0050ca    0x1  Data  Gb  main.o [1]
CLK_SWR                 0x0050c4    0x1  Data  Gb  main.o [1]
CSTACK$$Base            0x000300          --   Gb  - Linker created -
CSTACK$$Limit           0x000400          --   Gb  - Linker created -
DigitalWrite            0x008350   0x1f  Code  Gb  lcd_lib.o [1]
INTVEC$$Base            0x008000          --   Gb  - Linker created -
INTVEC$$Limit           0x008080          --   Gb  - Linker created -
InitSystemClock         0x008d01   0x40  Code  Gb  main.o [1]
InitTimer2              0x008e0c   0x19  Code  Gb  main.o [1]
InitTimer4              0x008e3a   0x15  Code  Gb  main.o [1]
LcdClear                0x0083b8   0x57  Code  Gb  lcd_lib.o [1]
LcdGotoXY               0x0084a0   0x3d  Code  Gb  lcd_lib.o [1]
LcdInit                 0x00840f   0x91  Code  Gb  lcd_lib.o [1]
LcdPrintF               0x008e25   0x15  Code  Gb  lcd_lib.o [1]
LcdPutc                 0x0084dd   0x82  Code  Gb  lcd_lib.o [1]
LcdPutcWide             0x00855f   0x39  Code  Gb  lcd_lib.o [1]
LcdSendBit              0x00836f   0x17  Code  Gb  lcd_lib.o [1]
LcdWrite                0x008386   0x32  Code  Gb  lcd_lib.o [1]
Port_Init               0x008b40   0x6d  Code  Gb  main.o [1]
Region$$Table$$Base     0x008de6          --   Gb  - Linker created -
Region$$Table$$Limit    0x008df0          --   Gb  - Linker created -
TIM2_ARRH               0x00530f    0x1  Data  Gb  main.o [1]
TIM2_ARRL               0x005310    0x1  Data  Gb  main.o [1]
TIM2_UPD_OVF_IRQHandler
                        0x008df0   0x1c  Code  Gb  main.o [1]
TIM4_ARR                0x005348    0x1  Data  Gb  main.o [1]
TIM4_UPD_OVF_IRQHandler
                        0x008d41   0x31  Code  Gb  main.o [1]
_A_CLK_CCOR             0x0050c9    0x1  Data  Gb  main.o [1]
_A_CLK_CKDIVR           0x0050c6    0x1  Data  Gb  main.o [1]
_A_CLK_ECKR             0x0050c1    0x1  Data  Gb  main.o [1]
_A_CLK_HSITRIMR         0x0050cc    0x1  Data  Gb  main.o [1]
_A_CLK_ICKR             0x0050c0    0x1  Data  Gb  main.o [1]
_A_CLK_SWCR             0x0050c5    0x1  Data  Gb  main.o [1]
_A_CLK_SWIMCCR          0x0050cd    0x1  Data  Gb  main.o [1]
_A_PB_CR1               0x005008    0x1  Data  Gb  main.o [1]
_A_PB_CR2               0x005009    0x1  Data  Gb  main.o [1]
_A_PB_DDR               0x005007    0x1  Data  Gb  main.o [1]
_A_PC_CR1               0x00500d    0x1  Data  Gb  main.o [1]
_A_PC_CR2               0x00500e    0x1  Data  Gb  main.o [1]
_A_PC_DDR               0x00500c    0x1  Data  Gb  main.o [1]
_A_PC_ODR               0x00500a    0x1  Data  Gb  main.o [1]
_A_PD_CR1               0x005012    0x1  Data  Gb  main.o [1]
_A_PD_CR2               0x005013    0x1  Data  Gb  main.o [1]
_A_PD_DDR               0x005011    0x1  Data  Gb  main.o [1]
_A_PD_IDR               0x005010    0x1  Data  Gb  buttons.o [1]
_A_TIM2_CR1             0x005300    0x1  Data  Gb  main.o [1]
_A_TIM2_IER             0x005303    0x1  Data  Gb  main.o [1]
_A_TIM2_PSCR            0x00530e    0x1  Data  Gb  main.o [1]
_A_TIM2_SR1             0x005304    0x1  Data  Gb  main.o [1]
_A_TIM4_CR1             0x005340    0x1  Data  Gb  main.o [1]
_A_TIM4_IER             0x005343    0x1  Data  Gb  main.o [1]
_A_TIM4_PSCR            0x005347    0x1  Data  Gb  main.o [1]
_A_TIM4_SR              0x005344    0x1  Data  Gb  main.o [1]
__DebugBreak            0x008f2c    0x1  Code  Gb  __dbg_break.o [3]
__exit                  0x008e78   0x14  Code  Gb  __dbg_xxexit.o [3]
__iar_copy_init2        0x008d72         Code  Gb  init_small.o [4]
__iar_data_init2        0x008e64   0x14  Code  Gb  init.o [4]
__iar_program_start     0x008e8c         Code  Gb  cstartup.o [4]
__iar_unhandled_exception
                        0x008f27         Code  Gb  unhandled_exception.o [4]
__intvec                0x008000         Data  Gb  interrupt.o [4]
__low_level_init        0x008f21    0x3  Code  Gb  low_level_init.o [4]
_exit                   0x008f19         Code  Gb  cexit.o [4]
_interrupt_15           0x008df0         Code  Gb  main.o [1]
_interrupt_25           0x008d41         Code  Gb  main.o [1]
dDate                   0x00001d    0x4  Data  Gb  main.o [1]
dTime                   0x00001a    0x3  Data  Gb  main.o [1]
exit                    0x008f24    0x3  Code  Gb  exit.o [4]
flag                    0x000019    0x1  Data  Gb  main.o [1]
key                     0x000013    0x1  Data  Gb  buttons.o [1]
lcd_Font                0x0087ba  0x1e0  Data  Gb  lcd_lib.o [1]
lcd_xcurr               0x000014    0x1  Data  Lc  lcd_lib.o [1]
lcd_ycurr               0x000015    0x1  Data  Lc  lcd_lib.o [1]
led_delay               0x000016    0x2  Data  Gb  main.o [1]
main                    0x008c66   0x51  Code  Gb  main.o [1]
main_menu               0x008c0a   0x5c  Code  Gb  main.o [1]
menu_state              0x000012    0x1  Data  Gb  main.o [1]
rBCD                    0x008d9a   0x26  Code  Gb  main.o [1]
state                   0x000018    0x1  Data  Gb  main.o [1]
tester_menu             0x008f2b    0x1  Code  Gb  main.o [1]
time_date_menu          0x008080  0x2d0  Code  Gb  main.o [1]
time_position           0x00000d    0x5  Data  Gb  main.o [1]
timers_menu             0x00899a  0x1a6  Code  Gb  main.o [1]
treshold                0x00000c    0x1  Data  Gb  main.o [1]


[1] = C:\Repository\IAR_prj\RTC_clock\Debug\Obj
[2] = command line
[3] = dbgstm8smd.a
[4] = dlstm8smn.a

  2 592 bytes of readonly  code memory
  1 293 bytes of readonly  data memory
    289 bytes of readwrite data memory (+ 32 absolute)

Errors: none
Warnings: none
